../Core/Src/main.c:66:6:HAL_TIM_PeriodElapsedCallback	16	static
../Core/Src/main.c:73:6:led1test	8	static
../Core/Src/main.c:78:6:led2test	8	static
../Core/Src/main.c:83:6:led3test	8	static
../Core/Src/main.c:90:6:led7seg	8	static
../Core/Src/main.c:96:6:printHelloWorld	8	static
../Core/Src/main.c:106:5:main	8	static
../Core/Src/main.c:161:6:SystemClock_Config	72	static
../Core/Src/main.c:198:13:MX_TIM2_Init	32	static
../Core/Src/main.c:243:13:MX_USART2_UART_Init	8	static
../Core/Src/main.c:276:13:MX_GPIO_Init	40	static
../Core/Src/main.c:324:6:Error_Handler	4	static,ignoring_inline_asm
